// Vitest Snapshot v1, https://vitest.dev/guide/snapshot.html

exports[`[object Object] > should match snapshot 1`] = `<ul />`;
